ojsalesdata/https%3A/%2Fazureopendatastorage.azurefd.net/ojsales-simulatedcontainer/oj_sales_data/Store1350_tropicana.csv
WeekStarting,Store,Brand,Quantity,Advert,Price,Revenue
1990-06-14,1350,tropicana,14023,1,2.45,34356.350000000006
1990-06-21,1350,tropicana,19052,1,1.96,37341.92
1990-06-28,1350,tropicana,11628,1,2.6,30232.8
1990-07-05,1350,tropicana,17875,1,1.95,34856.25
1990-07-12,1350,tropicana,16332,1,1.94,31684.079999999998
1990-07-19,1350,tropicana,11176,1,2.68,29951.68
1990-07-26,1350,tropicana,16982,1,1.96,33284.72
1990-08-02,1350,tropicana,12560,1,2.2,27632.000000000004
1990-08-09,1350,tropicana,17617,1,2.4,42280.799999999996
1990-08-16,1350,tropicana,11377,1,2.1,23891.7
1990-08-23,1350,tropicana,13556,1,1.98,26840.88
1990-08-30,1350,tropicana,10190,1,2.6,26494.0
1990-09-06,1350,tropicana,16758,1,2.37,39716.46
1990-09-13,1350,tropicana,9071,1,2.3,20863.3
1990-09-20,1350,tropicana,17343,1,2.59,44918.369999999995
1990-09-27,1350,tropicana,17767,1,1.92,34112.64
1990-10-04,1350,tropicana,19341,1,2.1,40616.1
1990-10-11,1350,tropicana,12723,1,2.06,26209.38
1990-10-18,1350,tropicana,9292,1,2.38,22114.96
1990-10-25,1350,tropicana,9256,1,2.45,22677.2
1990-11-01,1350,tropicana,14293,1,2.36,33731.479999999996
1990-11-08,1350,tropicana,14867,1,2.5,37167.5
1990-11-15,1350,tropicana,11492,1,2.07,23788.44
1990-11-22,1350,tropicana,15222,1,2.32,35315.04
1990-11-29,1350,tropicana,14174,1,2.09,29623.659999999996
1990-12-06,1350,tropicana,15571,1,1.98,30830.579999999998
1990-12-13,1350,tropicana,16577,1,1.9,31496.3
1990-12-20,1350,tropicana,18186,1,2.17,39463.619999999995
1990-12-27,1350,tropicana,19424,1,2.48,48171.52
1991-01-03,1350,tropicana,14107,1,1.95,27508.649999999998
1991-01-10,1350,tropicana,15757,1,2.17,34192.69
1991-01-17,1350,tropicana,9000,1,2.19,19710.0
1991-01-24,1350,tropicana,16414,1,2.36,38737.04
1991-01-31,1350,tropicana,11452,1,2.19,25079.88
1991-02-07,1350,tropicana,14771,1,1.99,29394.29
1991-02-14,1350,tropicana,15274,1,2.34,35741.159999999996
1991-02-21,1350,tropicana,13922,1,2.08,28957.760000000002
1991-02-28,1350,tropicana,11439,1,2.14,24479.460000000003
1991-03-07,1350,tropicana,13997,1,2.28,31913.159999999996
1991-03-14,1350,tropicana,19337,1,2.26,43701.619999999995
1991-03-21,1350,tropicana,15538,1,2.25,34960.5
1991-03-28,1350,tropicana,17823,1,2.01,35824.229999999996
1991-04-04,1350,tropicana,19494,1,2.33,45421.020000000004
1991-04-11,1350,tropicana,15212,1,2.02,30728.24
1991-04-18,1350,tropicana,10511,1,2.2,23124.2
1991-04-25,1350,tropicana,11396,1,2.05,23361.8
1991-05-02,1350,tropicana,17043,1,2.21,37665.03
1991-05-09,1350,tropicana,16968,1,2.67,45304.56
1991-05-16,1350,tropicana,9057,1,2.08,18838.56
1991-05-23,1350,tropicana,19643,1,1.9,37321.7
1991-05-30,1350,tropicana,18412,1,2.17,39954.04
1991-06-06,1350,tropicana,19061,1,2.46,46890.06
1991-06-13,1350,tropicana,9672,1,2.59,25050.48
1991-06-20,1350,tropicana,11692,1,2.25,26307.0
1991-06-27,1350,tropicana,9295,1,2.31,21471.45
1991-07-04,1350,tropicana,14468,1,2.56,37038.08
1991-07-11,1350,tropicana,13756,1,2.42,33289.52
1991-07-18,1350,tropicana,18604,1,2.24,41672.96000000001
1991-07-25,1350,tropicana,15043,1,2.21,33245.03
1991-08-01,1350,tropicana,9389,1,2.46,23096.94
1991-08-08,1350,tropicana,13829,1,2.32,32083.28
1991-08-15,1350,tropicana,13362,1,2.24,29930.880000000005
1991-08-22,1350,tropicana,13679,1,2.24,30640.960000000003
1991-08-29,1350,tropicana,15220,1,1.9,28918.0
1991-09-05,1350,tropicana,15764,1,2.24,35311.36
1991-09-12,1350,tropicana,9025,1,2.22,20035.5
1991-09-19,1350,tropicana,14458,1,2.56,37012.48
1991-09-26,1350,tropicana,18384,1,1.97,36216.479999999996
1991-10-03,1350,tropicana,16319,1,2.3,37533.7
1991-10-10,1350,tropicana,11876,1,2.27,26958.52
1991-10-17,1350,tropicana,9154,1,2.35,21511.9
1991-10-24,1350,tropicana,16157,1,1.95,31506.149999999998
1991-10-31,1350,tropicana,11082,1,2.37,26264.34
1991-11-07,1350,tropicana,18769,1,2.18,40916.420000000006
1991-11-14,1350,tropicana,9859,1,2.34,23070.059999999998
1991-11-21,1350,tropicana,10227,1,2.32,23726.64
1991-11-28,1350,tropicana,12355,1,2.52,31134.6
1991-12-05,1350,tropicana,14687,1,2.28,33486.36
1991-12-12,1350,tropicana,13965,1,2.31,32259.15
1991-12-19,1350,tropicana,18752,1,2.18,40879.36
1991-12-26,1350,tropicana,13586,1,2.18,29617.480000000003
1992-01-02,1350,tropicana,18015,1,2.24,40353.600000000006
1992-01-09,1350,tropicana,17164,1,1.97,33813.08
1992-01-16,1350,tropicana,19261,1,2.04,39292.44
1992-01-23,1350,tropicana,15308,1,2.01,30769.079999999998
1992-01-30,1350,tropicana,14609,1,2.62,38275.58
1992-02-06,1350,tropicana,11379,1,2.5,28447.5
1992-02-13,1350,tropicana,17340,1,2.07,35893.799999999996
1992-02-20,1350,tropicana,11518,1,2.16,24878.88
1992-02-27,1350,tropicana,13083,1,2.28,29829.239999999998
1992-03-05,1350,tropicana,10579,1,2.62,27716.98
1992-03-12,1350,tropicana,13662,1,2.23,30466.26
1992-03-19,1350,tropicana,19898,1,2.54,50540.92
1992-03-26,1350,tropicana,13153,1,2.36,31041.079999999998
1992-04-02,1350,tropicana,13926,1,2.57,35789.82
1992-04-09,1350,tropicana,11638,1,2.17,25254.46
1992-04-16,1350,tropicana,14919,1,2.57,38341.829999999994
1992-04-23,1350,tropicana,11832,1,1.95,23072.399999999998
1992-04-30,1350,tropicana,19222,1,2.14,41135.08
1992-05-07,1350,tropicana,13886,1,2.54,35270.44
1992-05-14,1350,tropicana,13303,1,2.13,28335.39
1992-05-21,1350,tropicana,18511,1,2.21,40909.31
1992-05-28,1350,tropicana,9767,1,2.55,24905.85
1992-06-04,1350,tropicana,16996,1,2.09,35521.64
1992-06-11,1350,tropicana,18237,1,2.37,43221.69
1992-06-18,1350,tropicana,9994,1,2.68,26783.920000000002
1992-06-25,1350,tropicana,11415,1,2.32,26482.8
1992-07-02,1350,tropicana,10813,1,2.67,28870.71
1992-07-09,1350,tropicana,17058,1,2.23,38039.34
1992-07-16,1350,tropicana,9363,1,2.36,22096.68
1992-07-23,1350,tropicana,17207,1,2.57,44221.99
1992-07-30,1350,tropicana,18750,1,2.29,42937.5
1992-08-06,1350,tropicana,15700,1,2.46,38622.0
1992-08-13,1350,tropicana,17266,1,2.12,36603.92
1992-08-20,1350,tropicana,10547,1,2.68,28265.960000000003
1992-08-27,1350,tropicana,18521,1,2.52,46672.92
1992-09-03,1350,tropicana,14523,1,2.4,34855.2
1992-09-10,1350,tropicana,11713,1,2.17,25417.21
1992-09-17,1350,tropicana,18601,1,1.95,36271.95
1992-09-24,1350,tropicana,16027,1,2.29,36701.83
1992-10-01,1350,tropicana,9927,1,2.58,25611.66
